Main.hx:1: characters 1-34 : Recursive constraint parameter is not allowed